── Attaching core tidyverse packages ──────────────────────── tidyverse 2.0.0 ──
✔ dplyr     1.1.4     ✔ readr     2.1.5
✔ forcats   1.0.0     ✔ stringr   1.5.1
✔ ggplot2   3.5.1     ✔ tibble    3.2.1
✔ lubridate 1.9.4     ✔ tidyr     1.3.1
✔ purrr     1.0.2     
── Conflicts ────────────────────────────────────────── tidyverse_conflicts() ──
✖ dplyr::filter() masks stats::filter()
✖ dplyr::lag()    masks stats::lag()
ℹ Use the conflicted package (<http://conflicted.r-lib.org/>) to force all conflicts to become errors

Attaching package: ‘pomp’

The following object is masked from ‘package:purrr’:

    map


Attaching package: ‘foreach’

The following objects are masked from ‘package:purrr’:

    accumulate, when

Rows: 119 Columns: 5
── Column specification ────────────────────────────────────────────────────────
Delimiter: ","
dbl  (4): Confirmed, Recovered, Deceased, Week_Number
date (1): Week

ℹ Use `spec()` to retrieve the full column specification for this data.
ℹ Specify the column types or set `show_col_types = FALSE` to quiet this message.
  Week_Number .id       S   E  I        R  H reports
1           1   1 6906000   0 21 27624000  0       0
2           2   1 6905967  31 15 27624008  8       4
3           3   1 6905944  48 12 27624017  9       5
4           4   1 6905924  58 15 27624024  7       5
5           5   1 6905884  74 23 27624040 16       1
6           6   1 6905842 107 21 27624051 11       6
[1] -10000167836
There were 32 warnings (use warnings() to see them)
There were 32 warnings (use warnings() to see them)
